// Jest Snapshot v1, https://goo.gl/fbAQLP

exports[`src/components/ui/buttons/SaveButton should render correctly 1`] = `
<ThemeProvider
  theme={
    Object {
      "breakpoints": Object {
        "between": [Function],
        "down": [Function],
        "keys": Array [
          "xs",
          "sm",
          "md",
          "lg",
          "xl",
        ],
        "only": [Function],
        "up": [Function],
        "values": Object {
          "lg": 1280,
          "md": 960,
          "sm": 600,
          "xl": 1920,
          "xs": 0,
        },
        "width": [Function],
      },
      "direction": "ltr",
      "mixins": Object {
        "gutters": [Function],
        "toolbar": Object {
          "@media (min-width:0px) and (orientation: landscape)": Object {
            "minHeight": 48,
          },
          "@media (min-width:600px)": Object {
            "minHeight": 64,
          },
          "minHeight": 56,
        },
      },
      "overrides": Object {},
      "palette": Object {
        "action": Object {
          "activatedOpacity": 0.12,
          "active": "rgba(0, 0, 0, 0.54)",
          "disabled": "rgba(0, 0, 0, 0.26)",
          "disabledBackground": "rgba(0, 0, 0, 0.12)",
          "disabledOpacity": 0.38,
          "focus": "rgba(0, 0, 0, 0.12)",
          "focusOpacity": 0.12,
          "hover": "rgba(0, 0, 0, 0.04)",
          "hoverOpacity": 0.04,
          "selected": "rgba(0, 0, 0, 0.08)",
          "selectedOpacity": 0.08,
        },
        "augmentColor": [Function],
        "background": Object {
          "dark": "#F4F6F8",
          "default": "#fff",
          "paper": "#fff",
        },
        "common": Object {
          "black": "#000",
          "white": "#fff",
        },
        "contrastThreshold": 3,
        "divider": "rgba(0, 0, 0, 0.12)",
        "error": Object {
          "contrastText": "#fff",
          "dark": "#d32f2f",
          "light": "#e57373",
          "main": "#f44336",
        },
        "getContrastText": [Function],
        "grey": Object {
          "100": "#f5f5f5",
          "200": "#eeeeee",
          "300": "#e0e0e0",
          "400": "#bdbdbd",
          "50": "#fafafa",
          "500": "#9e9e9e",
          "600": "#757575",
          "700": "#616161",
          "800": "#424242",
          "900": "#212121",
          "A100": "#d5d5d5",
          "A200": "#aaaaaa",
          "A400": "#303030",
          "A700": "#616161",
        },
        "info": Object {
          "contrastText": "#fff",
          "dark": "#1976d2",
          "light": "#64b5f6",
          "main": "#2196f3",
        },
        "primary": Object {
          "contrastText": "#fff",
          "dark": "rgb(44, 56, 126)",
          "light": "rgb(101, 115, 195)",
          "main": "#3f51b5",
        },
        "secondary": Object {
          "contrastText": "#fff",
          "dark": "rgb(18, 24, 88)",
          "light": "rgb(71, 79, 151)",
          "main": "#1a237e",
        },
        "success": Object {
          "contrastText": "#fff",
          "dark": "rgb(32, 87, 35)",
          "light": "rgb(87, 151, 91)",
          "main": "#2e7d32",
        },
        "text": Object {
          "disabled": "rgba(0, 0, 0, 0.38)",
          "hint": "rgba(0, 0, 0, 0.38)",
          "primary": "#263238",
          "secondary": "#546e7a",
        },
        "tonalOffset": 0.2,
        "type": "light",
        "warning": Object {
          "contrastText": "rgba(0, 0, 0, 0.87)",
          "dark": "#f57c00",
          "light": "#ffb74d",
          "main": "#ff9800",
        },
      },
      "props": Object {},
      "shadows": Array [
        "none",
        "0 0 0 1px rgba(63,63,68,0.05), 0 1px 2px 0 rgba(63,63,68,0.15)",
        "0 0 1px 0 rgba(0,0,0,0.31), 0 2px 2px -2px rgba(0,0,0,0.25)",
        "0 0 1px 0 rgba(0,0,0,0.31), 0 3px 4px -2px rgba(0,0,0,0.25)",
        "0 0 1px 0 rgba(0,0,0,0.31), 0 3px 4px -2px rgba(0,0,0,0.25)",
        "0 0 1px 0 rgba(0,0,0,0.31), 0 4px 6px -2px rgba(0,0,0,0.25)",
        "0 0 1px 0 rgba(0,0,0,0.31), 0 4px 6px -2px rgba(0,0,0,0.25)",
        "0 0 1px 0 rgba(0,0,0,0.31), 0 4px 8px -2px rgba(0,0,0,0.25)",
        "0 0 1px 0 rgba(0,0,0,0.31), 0 5px 8px -2px rgba(0,0,0,0.25)",
        "0 0 1px 0 rgba(0,0,0,0.31), 0 6px 12px -4px rgba(0,0,0,0.25)",
        "0 0 1px 0 rgba(0,0,0,0.31), 0 7px 12px -4px rgba(0,0,0,0.25)",
        "0 0 1px 0 rgba(0,0,0,0.31), 0 6px 16px -4px rgba(0,0,0,0.25)",
        "0 0 1px 0 rgba(0,0,0,0.31), 0 7px 16px -4px rgba(0,0,0,0.25)",
        "0 0 1px 0 rgba(0,0,0,0.31), 0 8px 18px -8px rgba(0,0,0,0.25)",
        "0 0 1px 0 rgba(0,0,0,0.31), 0 9px 18px -8px rgba(0,0,0,0.25)",
        "0 0 1px 0 rgba(0,0,0,0.31), 0 10px 20px -8px rgba(0,0,0,0.25)",
        "0 0 1px 0 rgba(0,0,0,0.31), 0 11px 20px -8px rgba(0,0,0,0.25)",
        "0 0 1px 0 rgba(0,0,0,0.31), 0 12px 22px -8px rgba(0,0,0,0.25)",
        "0 0 1px 0 rgba(0,0,0,0.31), 0 13px 22px -8px rgba(0,0,0,0.25)",
        "0 0 1px 0 rgba(0,0,0,0.31), 0 14px 24px -8px rgba(0,0,0,0.25)",
        "0 0 1px 0 rgba(0,0,0,0.31), 0 16px 28px -8px rgba(0,0,0,0.25)",
        "0 0 1px 0 rgba(0,0,0,0.31), 0 18px 30px -8px rgba(0,0,0,0.25)",
        "0 0 1px 0 rgba(0,0,0,0.31), 0 20px 32px -8px rgba(0,0,0,0.25)",
        "0 0 1px 0 rgba(0,0,0,0.31), 0 22px 34px -8px rgba(0,0,0,0.25)",
        "0 0 1px 0 rgba(0,0,0,0.31), 0 24px 36px -8px rgba(0,0,0,0.25)",
      ],
      "shape": Object {
        "borderRadius": 4,
      },
      "spacing": [Function],
      "transitions": Object {
        "create": [Function],
        "duration": Object {
          "complex": 375,
          "enteringScreen": 225,
          "leavingScreen": 195,
          "short": 250,
          "shorter": 200,
          "shortest": 150,
          "standard": 300,
        },
        "easing": Object {
          "easeIn": "cubic-bezier(0.4, 0, 1, 1)",
          "easeInOut": "cubic-bezier(0.4, 0, 0.2, 1)",
          "easeOut": "cubic-bezier(0.0, 0, 0.2, 1)",
          "sharp": "cubic-bezier(0.4, 0, 0.6, 1)",
        },
        "getAutoHeightDuration": [Function],
      },
      "typography": Object {
        "body1": Object {
          "fontFamily": "\\"Roboto\\", \\"Helvetica\\", \\"Arial\\", sans-serif",
          "fontSize": "1rem",
          "fontWeight": 400,
          "letterSpacing": "0.00938em",
          "lineHeight": 1.5,
        },
        "body2": Object {
          "fontFamily": "\\"Roboto\\", \\"Helvetica\\", \\"Arial\\", sans-serif",
          "fontSize": "0.875rem",
          "fontWeight": 400,
          "letterSpacing": "0.01071em",
          "lineHeight": 1.43,
        },
        "button": Object {
          "fontFamily": "\\"Roboto\\", \\"Helvetica\\", \\"Arial\\", sans-serif",
          "fontSize": "0.875rem",
          "fontWeight": 500,
          "letterSpacing": "0.02857em",
          "lineHeight": 1.75,
          "textTransform": "uppercase",
        },
        "caption": Object {
          "fontFamily": "\\"Roboto\\", \\"Helvetica\\", \\"Arial\\", sans-serif",
          "fontSize": "0.75rem",
          "fontWeight": 400,
          "letterSpacing": "0.03333em",
          "lineHeight": 1.66,
        },
        "fontFamily": "\\"Roboto\\", \\"Helvetica\\", \\"Arial\\", sans-serif",
        "fontSize": 14,
        "fontWeightBold": 700,
        "fontWeightLight": 300,
        "fontWeightMedium": 500,
        "fontWeightRegular": 400,
        "h1": Object {
          "fontFamily": "\\"Roboto\\", \\"Helvetica\\", \\"Arial\\", sans-serif",
          "fontSize": 35,
          "fontWeight": 500,
          "letterSpacing": "-0.24px",
          "lineHeight": 1.167,
        },
        "h2": Object {
          "fontFamily": "\\"Roboto\\", \\"Helvetica\\", \\"Arial\\", sans-serif",
          "fontSize": 29,
          "fontWeight": 500,
          "letterSpacing": "-0.24px",
          "lineHeight": 1.2,
        },
        "h3": Object {
          "fontFamily": "\\"Roboto\\", \\"Helvetica\\", \\"Arial\\", sans-serif",
          "fontSize": 24,
          "fontWeight": 500,
          "letterSpacing": "-0.06px",
          "lineHeight": 1.167,
        },
        "h4": Object {
          "fontFamily": "\\"Roboto\\", \\"Helvetica\\", \\"Arial\\", sans-serif",
          "fontSize": 20,
          "fontWeight": 500,
          "letterSpacing": "-0.06px",
          "lineHeight": 1.235,
        },
        "h5": Object {
          "fontFamily": "\\"Roboto\\", \\"Helvetica\\", \\"Arial\\", sans-serif",
          "fontSize": 16,
          "fontWeight": 500,
          "letterSpacing": "-0.05px",
          "lineHeight": 1.334,
        },
        "h6": Object {
          "fontFamily": "\\"Roboto\\", \\"Helvetica\\", \\"Arial\\", sans-serif",
          "fontSize": 14,
          "fontWeight": 500,
          "letterSpacing": "-0.05px",
          "lineHeight": 1.6,
        },
        "htmlFontSize": 16,
        "overline": Object {
          "fontFamily": "\\"Roboto\\", \\"Helvetica\\", \\"Arial\\", sans-serif",
          "fontSize": "0.75rem",
          "fontWeight": 500,
          "letterSpacing": "0.08333em",
          "lineHeight": 2.66,
          "textTransform": "uppercase",
        },
        "pxToRem": [Function],
        "round": [Function],
        "subtitle1": Object {
          "fontFamily": "\\"Roboto\\", \\"Helvetica\\", \\"Arial\\", sans-serif",
          "fontSize": "1rem",
          "fontWeight": 400,
          "letterSpacing": "0.00938em",
          "lineHeight": 1.75,
        },
        "subtitle2": Object {
          "fontFamily": "\\"Roboto\\", \\"Helvetica\\", \\"Arial\\", sans-serif",
          "fontSize": "0.875rem",
          "fontWeight": 500,
          "letterSpacing": "0.00714em",
          "lineHeight": 1.57,
        },
      },
      "zIndex": Object {
        "appBar": 1100,
        "drawer": 1200,
        "mobileStepper": 1000,
        "modal": 1300,
        "snackbar": 1400,
        "speedDial": 1050,
        "tooltip": 1500,
      },
      Symbol(mui.nested): false,
    }
  }
>
  <Memo()>
    <WithStyles(ForwardRef(Button))
      className="makeStyles-root-1"
      color="primary"
      startIcon={<Memo />}
      variant="contained"
    >
      <ForwardRef(Button)
        className="makeStyles-root-1"
        classes={
          Object {
            "colorInherit": "MuiButton-colorInherit",
            "contained": "MuiButton-contained",
            "containedPrimary": "MuiButton-containedPrimary",
            "containedSecondary": "MuiButton-containedSecondary",
            "containedSizeLarge": "MuiButton-containedSizeLarge",
            "containedSizeSmall": "MuiButton-containedSizeSmall",
            "disableElevation": "MuiButton-disableElevation",
            "disabled": "Mui-disabled",
            "endIcon": "MuiButton-endIcon",
            "focusVisible": "Mui-focusVisible",
            "fullWidth": "MuiButton-fullWidth",
            "iconSizeLarge": "MuiButton-iconSizeLarge",
            "iconSizeMedium": "MuiButton-iconSizeMedium",
            "iconSizeSmall": "MuiButton-iconSizeSmall",
            "label": "MuiButton-label",
            "outlined": "MuiButton-outlined",
            "outlinedPrimary": "MuiButton-outlinedPrimary",
            "outlinedSecondary": "MuiButton-outlinedSecondary",
            "outlinedSizeLarge": "MuiButton-outlinedSizeLarge",
            "outlinedSizeSmall": "MuiButton-outlinedSizeSmall",
            "root": "MuiButton-root",
            "sizeLarge": "MuiButton-sizeLarge",
            "sizeSmall": "MuiButton-sizeSmall",
            "startIcon": "MuiButton-startIcon",
            "text": "MuiButton-text",
            "textPrimary": "MuiButton-textPrimary",
            "textSecondary": "MuiButton-textSecondary",
            "textSizeLarge": "MuiButton-textSizeLarge",
            "textSizeSmall": "MuiButton-textSizeSmall",
          }
        }
        color="primary"
        startIcon={<Memo />}
        variant="contained"
      >
        <WithStyles(ForwardRef(ButtonBase))
          className="MuiButton-root MuiButton-contained makeStyles-root-1 MuiButton-containedPrimary"
          component="button"
          disabled={false}
          focusRipple={true}
          focusVisibleClassName="Mui-focusVisible"
          type="button"
        >
          <ForwardRef(ButtonBase)
            className="MuiButton-root MuiButton-contained makeStyles-root-1 MuiButton-containedPrimary"
            classes={
              Object {
                "disabled": "Mui-disabled",
                "focusVisible": "Mui-focusVisible",
                "root": "MuiButtonBase-root",
              }
            }
            component="button"
            disabled={false}
            focusRipple={true}
            focusVisibleClassName="Mui-focusVisible"
            type="button"
          >
            <button
              className="MuiButtonBase-root MuiButton-root MuiButton-contained makeStyles-root-1 MuiButton-containedPrimary"
              disabled={false}
              onBlur={[Function]}
              onDragLeave={[Function]}
              onFocus={[Function]}
              onKeyDown={[Function]}
              onKeyUp={[Function]}
              onMouseDown={[Function]}
              onMouseLeave={[Function]}
              onMouseUp={[Function]}
              onTouchEnd={[Function]}
              onTouchMove={[Function]}
              onTouchStart={[Function]}
              tabIndex={0}
              type="button"
            >
              <span
                className="MuiButton-label"
              >
                <span
                  className="MuiButton-startIcon MuiButton-iconSizeMedium"
                >
                  <ForwardRef(SaveAltOutlinedIcon)>
                    <WithStyles(ForwardRef(SvgIcon))>
                      <ForwardRef(SvgIcon)
                        classes={
                          Object {
                            "colorAction": "MuiSvgIcon-colorAction",
                            "colorDisabled": "MuiSvgIcon-colorDisabled",
                            "colorError": "MuiSvgIcon-colorError",
                            "colorPrimary": "MuiSvgIcon-colorPrimary",
                            "colorSecondary": "MuiSvgIcon-colorSecondary",
                            "fontSizeInherit": "MuiSvgIcon-fontSizeInherit",
                            "fontSizeLarge": "MuiSvgIcon-fontSizeLarge",
                            "fontSizeSmall": "MuiSvgIcon-fontSizeSmall",
                            "root": "MuiSvgIcon-root",
                          }
                        }
                      >
                        <svg
                          aria-hidden={true}
                          className="MuiSvgIcon-root"
                          focusable="false"
                          viewBox="0 0 24 24"
                        >
                          <path
                            d="M19 12v7H5v-7H3v7c0 1.1.9 2 2 2h14c1.1 0 2-.9 2-2v-7h-2zm-6 .67l2.59-2.58L17 11.5l-5 5-5-5 1.41-1.41L11 12.67V3h2v9.67z"
                          />
                        </svg>
                      </ForwardRef(SvgIcon)>
                    </WithStyles(ForwardRef(SvgIcon))>
                  </ForwardRef(SaveAltOutlinedIcon)>
                </span>
                Salvar
              </span>
              <WithStyles(memo)
                center={false}
              >
                <ForwardRef(TouchRipple)
                  center={false}
                  classes={
                    Object {
                      "child": "MuiTouchRipple-child",
                      "childLeaving": "MuiTouchRipple-childLeaving",
                      "childPulsate": "MuiTouchRipple-childPulsate",
                      "ripple": "MuiTouchRipple-ripple",
                      "ripplePulsate": "MuiTouchRipple-ripplePulsate",
                      "rippleVisible": "MuiTouchRipple-rippleVisible",
                      "root": "MuiTouchRipple-root",
                    }
                  }
                >
                  <span
                    className="MuiTouchRipple-root"
                  >
                    <TransitionGroup
                      childFactory={[Function]}
                      component={null}
                      exit={true}
                    />
                  </span>
                </ForwardRef(TouchRipple)>
              </WithStyles(memo)>
            </button>
          </ForwardRef(ButtonBase)>
        </WithStyles(ForwardRef(ButtonBase))>
      </ForwardRef(Button)>
    </WithStyles(ForwardRef(Button))>
  </Memo()>
</ThemeProvider>
`;
